
> maskom-network@0.0.1 astro
> astro check

[2m06:00:42[22m [34m[content][39m Syncing content
[2m06:00:42[22m [34m[content][39m Synced content
[2m06:00:42[22m [34m[types][39m Generated [2m109ms[22m
[2m06:00:42[22m [34m[check][39m Getting diagnostics for Astro files in /github/workspace...
Result (26 files): 
- 0 errors
- 0 warnings
- 0 hints

